in_source: |-
  START: LD (2046)
  CMP 0
  JZ STOP
  ST 2047
  JMP START
  STOP: HLT
in_stdin: hello world!!!
out_log: |
  DEBUG   machine:signal_latch_address_register AR <- PC
  DEBUG   machine:signal_read_memory Reading memory on AR #0
  DEBUG   machine:signal_read_memory MEM_OUT <- MEM[0]
  DEBUG   machine:tick          tick!
  DEBUG   machine:signal_latch_address_register AR <- MEM_OUT
  DEBUG   machine:signal_read_memory Reading memory on AR #2046
  INFO    machine:signal_read_memory Input: 'h' (104)
  DEBUG   machine:signal_read_memory MEM_OUT <- 'h' (104)
  DEBUG   machine:tick          tick!
  DEBUG   machine:signal_latch_accumulator ACC <- MEM_OUT
  DEBUG   machine:signal_latch_pc PC <- PC + 1
  DEBUG   machine:tick          tick!
  INFO    machine:decode_and_execute Executed instruction `ld (2046)` in 3 ticks
  DEBUG   machine:signal_latch_address_register AR <- PC
  DEBUG   machine:signal_read_memory Reading memory on AR #1
  DEBUG   machine:signal_read_memory MEM_OUT <- MEM[1]
  DEBUG   machine:tick          tick!
  DEBUG   machine:signal_latch_pc PC <- PC + 1
  DEBUG   machine:tick          tick!
  INFO    machine:decode_and_execute Executed instruction `cmp 0` in 2 ticks
  DEBUG   machine:signal_latch_address_register AR <- PC
  DEBUG   machine:signal_read_memory Reading memory on AR #2
  DEBUG   machine:signal_read_memory MEM_OUT <- MEM[2]
  DEBUG   machine:tick          tick!
  DEBUG   machine:signal_latch_pc PC <- PC + 1
  DEBUG   machine:tick          tick!
  INFO    machine:decode_and_execute Executed instruction `jz 5` in 2 ticks
  DEBUG   machine:signal_latch_address_register AR <- PC
  DEBUG   machine:signal_read_memory Reading memory on AR #3
  DEBUG   machine:signal_read_memory MEM_OUT <- MEM[3]
  DEBUG   machine:tick          tick!
  DEBUG   machine:signal_latch_address_register AR <- MEM_OUT
  DEBUG   machine:signal_write_memory Writing to memory on AR #2047
  INFO    machine:signal_write_memory Output: 'h' (104)
  DEBUG   machine:signal_latch_pc PC <- PC + 1
  DEBUG   machine:tick          tick!
  INFO    machine:decode_and_execute Executed instruction `st 2047` in 2 ticks
  DEBUG   machine:signal_latch_address_register AR <- PC
  DEBUG   machine:signal_read_memory Reading memory on AR #4
  DEBUG   machine:signal_read_memory MEM_OUT <- MEM[4]
  DEBUG   machine:tick          tick!
  DEBUG   machine:signal_latch_pc PC <- MEM_OUT
  DEBUG   machine:tick          tick!
  INFO    machine:decode_and_execute Executed instruction `jmp 0` in 2 ticks
  DEBUG   machine:signal_latch_address_register AR <- PC
  DEBUG   machine:signal_read_memory Reading memory on AR #0
  DEBUG   machine:signal_read_memory MEM_OUT <- MEM[0]
  DEBUG   machine:tick          tick!
  DEBUG   machine:signal_latch_address_register AR <- MEM_OUT
  DEBUG   machine:signal_read_memory Reading memory on AR #2046
  INFO    machine:signal_read_memory Input: 'e' (101)
  DEBUG   machine:signal_read_memory MEM_OUT <- 'e' (101)
  DEBUG   machine:tick          tick!
  DEBUG   machine:signal_latch_accumulator ACC <- MEM_OUT
  DEBUG   machine:signal_latch_pc PC <- PC + 1
  DEBUG   machine:tick          tick!
  INFO    machine:decode_and_execute Executed instruction `ld (2046)` in 3 ticks
  DEBUG   machine:signal_latch_address_register AR <- PC
  DEBUG   machine:signal_read_memory Reading memory on AR #1
  DEBUG   machine:signal_read_memory MEM_OUT <- MEM[1]
  DEBUG   machine:tick          tick!
  DEBUG   machine:signal_latch_pc PC <- PC + 1
  DEBUG   machine:tick          tick!
  INFO    machine:decode_and_execute Executed instruction `cmp 0` in 2 ticks
  DEBUG   machine:signal_latch_address_register AR <- PC
  DEBUG   machine:signal_read_memory Reading memory on AR #2
  DEBUG   machine:signal_read_memory MEM_OUT <- MEM[2]
  DEBUG   machine:tick          tick!
  DEBUG   machine:signal_latch_pc PC <- PC + 1
  DEBUG   machine:tick          tick!
  INFO    machine:decode_and_execute Executed instruction `jz 5` in 2 ticks
  DEBUG   machine:signal_latch_address_register AR <- PC
  DEBUG   machine:signal_read_memory Reading memory on AR #3
  DEBUG   machine:signal_read_memory MEM_OUT <- MEM[3]
  DEBUG   machine:tick          tick!
  DEBUG   machine:signal_latch_address_register AR <- MEM_OUT
  DEBUG   machine:signal_write_memory Writing to memory on AR #2047
  INFO    machine:signal_write_memory Output: 'e' (101)
  DEBUG   machine:signal_latch_pc PC <- PC + 1
  DEBUG   machine:tick          tick!
  INFO    machine:decode_and_execute Executed instruction `st 2047` in 2 ticks
  DEBUG   machine:signal_latch_address_register AR <- PC
  DEBUG   machine:signal_read_memory Reading memory on AR #4
  DEBUG   machine:signal_read_memory MEM_OUT <- MEM[4]
  DEBUG   machine:tick          tick!
  DEBUG   machine:signal_latch_pc PC <- MEM_OUT
  DEBUG   machine:tick          tick!
  INFO    machine:decode_and_execute Executed instruction `jmp 0` in 2 ticks
  DEBUG   machine:signal_latch_address_register AR <- PC
  DEBUG   machine:signal_read_memory Reading memory on AR #0
  DEBUG   machine:signal_read_memory MEM_OUT <- MEM[0]
  DEBUG   machine:tick          tick!
  DEBUG   machine:signal_latch_address_register AR <- MEM_OUT
  DEBUG   machine:signal_read_memory Reading memory on AR #2046
  INFO    machine:signal_read_memory Input: 'l' (108)
  DEBUG   machine:signal_read_memory MEM_OUT <- 'l' (108)
  DEBUG   machine:tick          tick!
  DEBUG   machine:signal_latch_accumulator ACC <- MEM_OUT
  DEBUG   machine:signal_latch_pc PC <- PC + 1
  DEBUG   machine:tick          tick!
  INFO    machine:decode_and_execute Executed instruction `ld (2046)` in 3 ticks
  DEBUG   machine:signal_latch_address_register AR <- PC
  DEBUG   machine:signal_read_memory Reading memory on AR #1
  DEBUG   machine:signal_read_memory MEM_OUT <- MEM[1]
  DEBUG   machine:tick          tick!
  DEBUG   machine:signal_latch_pc PC <- PC + 1
  DEBUG   machine:tick          tick!
  INFO    machine:decode_and_execute Executed instruction `cmp 0` in 2 ticks
  DEBUG   machine:signal_latch_address_register AR <- PC
  DEBUG   machine:signal_read_memory Reading memory on AR #2
  DEBUG   machine:signal_read_memory MEM_OUT <- MEM[2]
  DEBUG   machine:tick          tick!
  DEBUG   machine:signal_latch_pc PC <- PC + 1
  DEBUG   machine:tick          tick!
  INFO    machine:decode_and_execute Executed instruction `jz 5` in 2 ticks
  DEBUG   machine:signal_latch_address_register AR <- PC
  DEBUG   machine:signal_read_memory Reading memory on AR #3
  DEBUG   machine:signal_read_memory MEM_OUT <- MEM[3]
  DEBUG   machine:tick          tick!
  DEBUG   machine:signal_latch_address_register AR <- MEM_OUT
  DEBUG   machine:signal_write_memory Writing to memory on AR #2047
  INFO    machine:signal_write_memory Output: 'l' (108)
  DEBUG   machine:signal_latch_pc PC <- PC + 1
  DEBUG   machine:tick          tick!
  INFO    machine:decode_and_execute Executed instruction `st 2047` in 2 ticks
  DEBUG   machine:signal_latch_address_register AR <- PC
  DEBUG   machine:signal_read_memory Reading memory on AR #4
  DEBUG   machine:signal_read_memory MEM_OUT <- MEM[4]
  DEBUG   machine:tick          tick!
  DEBUG   machine:signal_latch_pc PC <- MEM_OUT
  DEBUG   machine:tick          tick!
  INFO    machine:decode_and_execute Executed instruction `jmp 0` in 2 ticks
  DEBUG   machine:signal_latch_address_register AR <- PC
  DEBUG   machine:signal_read_memory Reading memory on AR #0
  DEBUG   machine:signal_read_memory MEM_OUT <- MEM[0]
  DEBUG   machine:tick          tick!
  DEBUG   machine:signal_latch_address_register AR <- MEM_OUT
  DEBUG   machine:signal_read_memory Reading memory on AR #2046
  INFO    machine:signal_read_memory Input: 'l' (108)
  DEBUG   machine:signal_read_memory MEM_OUT <- 'l' (108)
  DEBUG   machine:tick          tick!
  DEBUG   machine:signal_latch_accumulator ACC <- MEM_OUT
  DEBUG   machine:signal_latch_pc PC <- PC + 1
  DEBUG   machine:tick          tick!
  INFO    machine:decode_and_execute Executed instruction `ld (2046)` in 3 ticks
  DEBUG   machine:signal_latch_address_register AR <- PC
  DEBUG   machine:signal_read_memory Reading memory on AR #1
  DEBUG   machine:signal_read_memory MEM_OUT <- MEM[1]
  DEBUG   machine:tick          tick!
  DEBUG   machine:signal_latch_pc PC <- PC + 1
  DEBUG   machine:tick          tick!
  INFO    machine:decode_and_execute Executed instruction `cmp 0` in 2 ticks
  DEBUG   machine:signal_latch_address_register AR <- PC
  DEBUG   machine:signal_read_memory Reading memory on AR #2
  DEBUG   machine:signal_read_memory MEM_OUT <- MEM[2]
  DEBUG   machine:tick          tick!
  DEBUG   machine:signal_latch_pc PC <- PC + 1
  DEBUG   machine:tick          tick!
  INFO    machine:decode_and_execute Executed instruction `jz 5` in 2 ticks
  DEBUG   machine:signal_latch_address_register AR <- PC
  DEBUG   machine:signal_read_memory Reading memory on AR #3
  DEBUG   machine:signal_read_memory MEM_OUT <- MEM[3]
  DEBUG   machine:tick          tick!
  DEBUG   machine:signal_latch_address_register AR <- MEM_OUT
  DEBUG   machine:signal_write_memory Writing to memory on AR #2047
  INFO    machine:signal_write_memory Output: 'l' (108)
  DEBUG   machine:signal_latch_pc PC <- PC + 1
  DEBUG   machine:tick          tick!
  INFO    machine:decode_and_execute Executed instruction `st 2047` in 2 ticks
  DEBUG   machine:signal_latch_address_register AR <- PC
  DEBUG   machine:signal_read_memory Reading memory on AR #4
  DEBUG   machine:signal_read_memory MEM_OUT <- MEM[4]
  DEBUG   machine:tick          tick!
  DEBUG   machine:signal_latch_pc PC <- MEM_OUT
  DEBUG   machine:tick          tick!
  INFO    machine:decode_and_execute Executed instruction `jmp 0` in 2 ticks
  DEBUG   machine:signal_latch_address_register AR <- PC
  DEBUG   machine:signal_read_memory Reading memory on AR #0
  DEBUG   machine:signal_read_memory MEM_OUT <- MEM[0]
  DEBUG   machine:tick          tick!
  DEBUG   machine:signal_latch_address_register AR <- MEM_OUT
  DEBUG   machine:signal_read_memory Reading memory on AR #2046
  INFO    machine:signal_read_memory Input: 'o' (111)
  DEBUG   machine:signal_read_memory MEM_OUT <- 'o' (111)
  DEBUG   machine:tick          tick!
  DEBUG   machine:signal_latch_accumulator ACC <- MEM_OUT
  DEBUG   machine:signal_latch_pc PC <- PC + 1
  DEBUG   machine:tick          tick!
  INFO    machine:decode_and_execute Executed instruction `ld (2046)` in 3 ticks
  DEBUG   machine:signal_latch_address_register AR <- PC
  DEBUG   machine:signal_read_memory Reading memory on AR #1
  DEBUG   machine:signal_read_memory MEM_OUT <- MEM[1]
  DEBUG   machine:tick          tick!
  DEBUG   machine:signal_latch_pc PC <- PC + 1
  DEBUG   machine:tick          tick!
  INFO    machine:decode_and_execute Executed instruction `cmp 0` in 2 ticks
  DEBUG   machine:signal_latch_address_register AR <- PC
  DEBUG   machine:signal_read_memory Reading memory on AR #2
  DEBUG   machine:signal_read_memory MEM_OUT <- MEM[2]
  DEBUG   machine:tick          tick!
  DEBUG   machine:signal_latch_pc PC <- PC + 1
  DEBUG   machine:tick          tick!
  INFO    machine:decode_and_execute Executed instruction `jz 5` in 2 ticks
  DEBUG   machine:signal_latch_address_register AR <- PC
  DEBUG   machine:signal_read_memory Reading memory on AR #3
  DEBUG   machine:signal_read_memory MEM_OUT <- MEM[3]
  DEBUG   machine:tick          tick!
  DEBUG   machine:signal_latch_address_register AR <- MEM_OUT
  DEBUG   machine:signal_write_memory Writing to memory on AR #2047
  INFO    machine:signal_write_memory Output: 'o' (111)
  DEBUG   machine:signal_latch_pc PC <- PC + 1
  DEBUG   machine:tick          tick!
  INFO    machine:decode_and_execute Executed instruction `st 2047` in 2 ticks
  DEBUG   machine:signal_latch_address_register AR <- PC
  DEBUG   machine:signal_read_memory Reading memory on AR #4
  DEBUG   machine:signal_read_memory MEM_OUT <- MEM[4]
  DEBUG   machine:tick          tick!
  DEBUG   machine:signal_latch_pc PC <- MEM_OUT
  DEBUG   machine:tick          tick!
  INFO    machine:decode_and_execute Executed instruction `jmp 0` in 2 ticks
  DEBUG   machine:signal_latch_address_register AR <- PC
  DEBUG   machine:signal_read_memory Reading memory on AR #0
  DEBUG   machine:signal_read_memory MEM_OUT <- MEM[0]
  DEBUG   machine:tick          tick!
  DEBUG   machine:signal_latch_address_register AR <- MEM_OUT
  DEBUG   machine:signal_read_memory Reading memory on AR #2046
  INFO    machine:signal_read_memory Input: ' ' (32)
  DEBUG   machine:signal_read_memory MEM_OUT <- ' ' (32)
  DEBUG   machine:tick          tick!
  DEBUG   machine:signal_latch_accumulator ACC <- MEM_OUT
  DEBUG   machine:signal_latch_pc PC <- PC + 1
  DEBUG   machine:tick          tick!
  INFO    machine:decode_and_execute Executed instruction `ld (2046)` in 3 ticks
  DEBUG   machine:signal_latch_address_register AR <- PC
  DEBUG   machine:signal_read_memory Reading memory on AR #1
  DEBUG   machine:signal_read_memory MEM_OUT <- MEM[1]
  DEBUG   machine:tick          tick!
  DEBUG   machine:signal_latch_pc PC <- PC + 1
  DEBUG   machine:tick          tick!
  INFO    machine:decode_and_execute Executed instruction `cmp 0` in 2 ticks
  DEBUG   machine:signal_latch_address_register AR <- PC
  DEBUG   machine:signal_read_memory Reading memory on AR #2
  DEBUG   machine:signal_read_memory MEM_OUT <- MEM[2]
  DEBUG   machine:tick          tick!
  DEBUG   machine:signal_latch_pc PC <- PC + 1
  DEBUG   machine:tick          tick!
  INFO    machine:decode_and_execute Executed instruction `jz 5` in 2 ticks
  DEBUG   machine:signal_latch_address_register AR <- PC
  DEBUG   machine:signal_read_memory Reading memory on AR #3
  DEBUG   machine:signal_read_memory MEM_OUT <- MEM[3]
  DEBUG   machine:tick          tick!
  DEBUG   machine:signal_latch_address_register AR <- MEM_OUT
  DEBUG   machine:signal_write_memory Writing to memory on AR #2047
  INFO    machine:signal_write_memory Output: ' ' (32)
  DEBUG   machine:signal_latch_pc PC <- PC + 1
  DEBUG   machine:tick          tick!
  INFO    machine:decode_and_execute Executed instruction `st 2047` in 2 ticks
  DEBUG   machine:signal_latch_address_register AR <- PC
  DEBUG   machine:signal_read_memory Reading memory on AR #4
  DEBUG   machine:signal_read_memory MEM_OUT <- MEM[4]
  DEBUG   machine:tick          tick!
  DEBUG   machine:signal_latch_pc PC <- MEM_OUT
  DEBUG   machine:tick          tick!
  INFO    machine:decode_and_execute Executed instruction `jmp 0` in 2 ticks
  DEBUG   machine:signal_latch_address_register AR <- PC
  DEBUG   machine:signal_read_memory Reading memory on AR #0
  DEBUG   machine:signal_read_memory MEM_OUT <- MEM[0]
  DEBUG   machine:tick          tick!
  DEBUG   machine:signal_latch_address_register AR <- MEM_OUT
  DEBUG   machine:signal_read_memory Reading memory on AR #2046
  INFO    machine:signal_read_memory Input: 'w' (119)
  DEBUG   machine:signal_read_memory MEM_OUT <- 'w' (119)
  DEBUG   machine:tick          tick!
  DEBUG   machine:signal_latch_accumulator ACC <- MEM_OUT
  DEBUG   machine:signal_latch_pc PC <- PC + 1
  DEBUG   machine:tick          tick!
  INFO    machine:decode_and_execute Executed instruction `ld (2046)` in 3 ticks
  DEBUG   machine:signal_latch_address_register AR <- PC
  DEBUG   machine:signal_read_memory Reading memory on AR #1
  DEBUG   machine:signal_read_memory MEM_OUT <- MEM[1]
  DEBUG   machine:tick          tick!
  DEBUG   machine:signal_latch_pc PC <- PC + 1
  DEBUG   machine:tick          tick!
  INFO    machine:decode_and_execute Executed instruction `cmp 0` in 2 ticks
  DEBUG   machine:signal_latch_address_register AR <- PC
  DEBUG   machine:signal_read_memory Reading memory on AR #2
  DEBUG   machine:signal_read_memory MEM_OUT <- MEM[2]
  DEBUG   machine:tick          tick!
  DEBUG   machine:signal_latch_pc PC <- PC + 1
  DEBUG   machine:tick          tick!
  INFO    machine:decode_and_execute Executed instruction `jz 5` in 2 ticks
  DEBUG   machine:signal_latch_address_register AR <- PC
  DEBUG   machine:signal_read_memory Reading memory on AR #3
  DEBUG   machine:signal_read_memory MEM_OUT <- MEM[3]
  DEBUG   machine:tick          tick!
  DEBUG   machine:signal_latch_address_register AR <- MEM_OUT
  DEBUG   machine:signal_write_memory Writing to memory on AR #2047
  INFO    machine:signal_write_memory Output: 'w' (119)
  DEBUG   machine:signal_latch_pc PC <- PC + 1
  DEBUG   machine:tick          tick!
  INFO    machine:decode_and_execute Executed instruction `st 2047` in 2 ticks
  DEBUG   machine:signal_latch_address_register AR <- PC
  DEBUG   machine:signal_read_memory Reading memory on AR #4
  DEBUG   machine:signal_read_memory MEM_OUT <- MEM[4]
  DEBUG   machine:tick          tick!
  DEBUG   machine:signal_latch_pc PC <- MEM_OUT
  DEBUG   machine:tick          tick!
  INFO    machine:decode_and_execute Executed instruction `jmp 0` in 2 ticks
  DEBUG   machine:signal_latch_address_register AR <- PC
  DEBUG   machine:signal_read_memory Reading memory on AR #0
  DEBUG   machine:signal_read_memory MEM_OUT <- MEM[0]
  DEBUG   machine:tick          tick!
  DEBUG   machine:signal_latch_address_register AR <- MEM_OUT
  DEBUG   machine:signal_read_memory Reading memory on AR #2046
  INFO    machine:signal_read_memory Input: 'o' (111)
  DEBUG   machine:signal_read_memory MEM_OUT <- 'o' (111)
  DEBUG   machine:tick          tick!
  DEBUG   machine:signal_latch_accumulator ACC <- MEM_OUT
  DEBUG   machine:signal_latch_pc PC <- PC + 1
  DEBUG   machine:tick          tick!
  INFO    machine:decode_and_execute Executed instruction `ld (2046)` in 3 ticks
  DEBUG   machine:signal_latch_address_register AR <- PC
  DEBUG   machine:signal_read_memory Reading memory on AR #1
  DEBUG   machine:signal_read_memory MEM_OUT <- MEM[1]
  DEBUG   machine:tick          tick!
  DEBUG   machine:signal_latch_pc PC <- PC + 1
  DEBUG   machine:tick          tick!
  INFO    machine:decode_and_execute Executed instruction `cmp 0` in 2 ticks
  DEBUG   machine:signal_latch_address_register AR <- PC
  DEBUG   machine:signal_read_memory Reading memory on AR #2
  DEBUG   machine:signal_read_memory MEM_OUT <- MEM[2]
  DEBUG   machine:tick          tick!
  DEBUG   machine:signal_latch_pc PC <- PC + 1
  DEBUG   machine:tick          tick!
  INFO    machine:decode_and_execute Executed instruction `jz 5` in 2 ticks
  DEBUG   machine:signal_latch_address_register AR <- PC
  DEBUG   machine:signal_read_memory Reading memory on AR #3
  DEBUG   machine:signal_read_memory MEM_OUT <- MEM[3]
  DEBUG   machine:tick          tick!
  DEBUG   machine:signal_latch_address_register AR <- MEM_OUT
  DEBUG   machine:signal_write_memory Writing to memory on AR #2047
  INFO    machine:signal_write_memory Output: 'o' (111)
  DEBUG   machine:signal_latch_pc PC <- PC + 1
  DEBUG   machine:tick          tick!
  INFO    machine:decode_and_execute Executed instruction `st 2047` in 2 ticks
  DEBUG   machine:signal_latch_address_register AR <- PC
  DEBUG   machine:signal_read_memory Reading memory on AR #4
  DEBUG   machine:signal_read_memory MEM_OUT <- MEM[4]
  DEBUG   machine:tick          tick!
  DEBUG   machine:signal_latch_pc PC <- MEM_OUT
  DEBUG   machine:tick          tick!
  INFO    machine:decode_and_execute Executed instruction `jmp 0` in 2 ticks
  DEBUG   machine:signal_latch_address_register AR <- PC
  DEBUG   machine:signal_read_memory Reading memory on AR #0
  DEBUG   machine:signal_read_memory MEM_OUT <- MEM[0]
  DEBUG   machine:tick          tick!
  DEBUG   machine:signal_latch_address_register AR <- MEM_OUT
  DEBUG   machine:signal_read_memory Reading memory on AR #2046
  INFO    machine:signal_read_memory Input: 'r' (114)
  DEBUG   machine:signal_read_memory MEM_OUT <- 'r' (114)
  DEBUG   machine:tick          tick!
  DEBUG   machine:signal_latch_accumulator ACC <- MEM_OUT
  DEBUG   machine:signal_latch_pc PC <- PC + 1
  DEBUG   machine:tick          tick!
  INFO    machine:decode_and_execute Executed instruction `ld (2046)` in 3 ticks
  DEBUG   machine:signal_latch_address_register AR <- PC
  DEBUG   machine:signal_read_memory Reading memory on AR #1
  DEBUG   machine:signal_read_memory MEM_OUT <- MEM[1]
  DEBUG   machine:tick          tick!
  DEBUG   machine:signal_latch_pc PC <- PC + 1
  DEBUG   machine:tick          tick!
  INFO    machine:decode_and_execute Executed instruction `cmp 0` in 2 ticks
  DEBUG   machine:signal_latch_address_register AR <- PC
  DEBUG   machine:signal_read_memory Reading memory on AR #2
  DEBUG   machine:signal_read_memory MEM_OUT <- MEM[2]
  DEBUG   machine:tick          tick!
  DEBUG   machine:signal_latch_pc PC <- PC + 1
  DEBUG   machine:tick          tick!
  INFO    machine:decode_and_execute Executed instruction `jz 5` in 2 ticks
  DEBUG   machine:signal_latch_address_register AR <- PC
  DEBUG   machine:signal_read_memory Reading memory on AR #3
  DEBUG   machine:signal_read_memory MEM_OUT <- MEM[3]
  DEBUG   machine:tick          tick!
  DEBUG   machine:signal_latch_address_register AR <- MEM_OUT
  DEBUG   machine:signal_write_memory Writing to memory on AR #2047
  INFO    machine:signal_write_memory Output: 'r' (114)
  DEBUG   machine:signal_latch_pc PC <- PC + 1
  DEBUG   machine:tick          tick!
  INFO    machine:decode_and_execute Executed instruction `st 2047` in 2 ticks
  DEBUG   machine:signal_latch_address_register AR <- PC
  DEBUG   machine:signal_read_memory Reading memory on AR #4
  DEBUG   machine:signal_read_memory MEM_OUT <- MEM[4]
  DEBUG   machine:tick          tick!
  DEBUG   machine:signal_latch_pc PC <- MEM_OUT
  DEBUG   machine:tick          tick!
  INFO    machine:decode_and_execute Executed instruction `jmp 0` in 2 ticks
  DEBUG   machine:signal_latch_address_register AR <- PC
  DEBUG   machine:signal_read_memory Reading memory on AR #0
  DEBUG   machine:signal_read_memory MEM_OUT <- MEM[0]
  DEBUG   machine:tick          tick!
  DEBUG   machine:signal_latch_address_register AR <- MEM_OUT
  DEBUG   machine:signal_read_memory Reading memory on AR #2046
  INFO    machine:signal_read_memory Input: 'l' (108)
  DEBUG   machine:signal_read_memory MEM_OUT <- 'l' (108)
  DEBUG   machine:tick          tick!
  DEBUG   machine:signal_latch_accumulator ACC <- MEM_OUT
  DEBUG   machine:signal_latch_pc PC <- PC + 1
  DEBUG   machine:tick          tick!
  INFO    machine:decode_and_execute Executed instruction `ld (2046)` in 3 ticks
  DEBUG   machine:signal_latch_address_register AR <- PC
  DEBUG   machine:signal_read_memory Reading memory on AR #1
  DEBUG   machine:signal_read_memory MEM_OUT <- MEM[1]
  DEBUG   machine:tick          tick!
  DEBUG   machine:signal_latch_pc PC <- PC + 1
  DEBUG   machine:tick          tick!
  INFO    machine:decode_and_execute Executed instruction `cmp 0` in 2 ticks
  DEBUG   machine:signal_latch_address_register AR <- PC
  DEBUG   machine:signal_read_memory Reading memory on AR #2
  DEBUG   machine:signal_read_memory MEM_OUT <- MEM[2]
  DEBUG   machine:tick          tick!
  DEBUG   machine:signal_latch_pc PC <- PC + 1
  DEBUG   machine:tick          tick!
  INFO    machine:decode_and_execute Executed instruction `jz 5` in 2 ticks
  DEBUG   machine:signal_latch_address_register AR <- PC
  DEBUG   machine:signal_read_memory Reading memory on AR #3
  DEBUG   machine:signal_read_memory MEM_OUT <- MEM[3]
  DEBUG   machine:tick          tick!
  DEBUG   machine:signal_latch_address_register AR <- MEM_OUT
  DEBUG   machine:signal_write_memory Writing to memory on AR #2047
  INFO    machine:signal_write_memory Output: 'l' (108)
  DEBUG   machine:signal_latch_pc PC <- PC + 1
  DEBUG   machine:tick          tick!
  INFO    machine:decode_and_execute Executed instruction `st 2047` in 2 ticks
  DEBUG   machine:signal_latch_address_register AR <- PC
  DEBUG   machine:signal_read_memory Reading memory on AR #4
  DEBUG   machine:signal_read_memory MEM_OUT <- MEM[4]
  DEBUG   machine:tick          tick!
  DEBUG   machine:signal_latch_pc PC <- MEM_OUT
  DEBUG   machine:tick          tick!
  INFO    machine:decode_and_execute Executed instruction `jmp 0` in 2 ticks
  DEBUG   machine:signal_latch_address_register AR <- PC
  DEBUG   machine:signal_read_memory Reading memory on AR #0
  DEBUG   machine:signal_read_memory MEM_OUT <- MEM[0]
  DEBUG   machine:tick          tick!
  DEBUG   machine:signal_latch_address_register AR <- MEM_OUT
  DEBUG   machine:signal_read_memory Reading memory on AR #2046
  INFO    machine:signal_read_memory Input: 'd' (100)
  DEBUG   machine:signal_read_memory MEM_OUT <- 'd' (100)
  DEBUG   machine:tick          tick!
  DEBUG   machine:signal_latch_accumulator ACC <- MEM_OUT
  DEBUG   machine:signal_latch_pc PC <- PC + 1
  DEBUG   machine:tick          tick!
  INFO    machine:decode_and_execute Executed instruction `ld (2046)` in 3 ticks
  DEBUG   machine:signal_latch_address_register AR <- PC
  DEBUG   machine:signal_read_memory Reading memory on AR #1
  DEBUG   machine:signal_read_memory MEM_OUT <- MEM[1]
  DEBUG   machine:tick          tick!
  DEBUG   machine:signal_latch_pc PC <- PC + 1
  DEBUG   machine:tick          tick!
  INFO    machine:decode_and_execute Executed instruction `cmp 0` in 2 ticks
  DEBUG   machine:signal_latch_address_register AR <- PC
  DEBUG   machine:signal_read_memory Reading memory on AR #2
  DEBUG   machine:signal_read_memory MEM_OUT <- MEM[2]
  DEBUG   machine:tick          tick!
  DEBUG   machine:signal_latch_pc PC <- PC + 1
  DEBUG   machine:tick          tick!
  INFO    machine:decode_and_execute Executed instruction `jz 5` in 2 ticks
  DEBUG   machine:signal_latch_address_register AR <- PC
  DEBUG   machine:signal_read_memory Reading memory on AR #3
  DEBUG   machine:signal_read_memory MEM_OUT <- MEM[3]
  DEBUG   machine:tick          tick!
  DEBUG   machine:signal_latch_address_register AR <- MEM_OUT
  DEBUG   machine:signal_write_memory Writing to memory on AR #2047
  INFO    machine:signal_write_memory Output: 'd' (100)
  DEBUG   machine:signal_latch_pc PC <- PC + 1
  DEBUG   machine:tick          tick!
  INFO    machine:decode_and_execute Executed instruction `st 2047` in 2 ticks
  DEBUG   machine:signal_latch_address_register AR <- PC
  DEBUG   machine:signal_read_memory Reading memory on AR #4
  DEBUG   machine:signal_read_memory MEM_OUT <- MEM[4]
  DEBUG   machine:tick          tick!
  DEBUG   machine:signal_latch_pc PC <- MEM_OUT
  DEBUG   machine:tick          tick!
  INFO    machine:decode_and_execute Executed instruction `jmp 0` in 2 ticks
  DEBUG   machine:signal_latch_address_register AR <- PC
  DEBUG   machine:signal_read_memory Reading memory on AR #0
  DEBUG   machine:signal_read_memory MEM_OUT <- MEM[0]
  DEBUG   machine:tick          tick!
  DEBUG   machine:signal_latch_address_register AR <- MEM_OUT
  DEBUG   machine:signal_read_memory Reading memory on AR #2046
  INFO    machine:signal_read_memory Input: '!' (33)
  DEBUG   machine:signal_read_memory MEM_OUT <- '!' (33)
  DEBUG   machine:tick          tick!
  DEBUG   machine:signal_latch_accumulator ACC <- MEM_OUT
  DEBUG   machine:signal_latch_pc PC <- PC + 1
  DEBUG   machine:tick          tick!
  INFO    machine:decode_and_execute Executed instruction `ld (2046)` in 3 ticks
  DEBUG   machine:signal_latch_address_register AR <- PC
  DEBUG   machine:signal_read_memory Reading memory on AR #1
  DEBUG   machine:signal_read_memory MEM_OUT <- MEM[1]
  DEBUG   machine:tick          tick!
  DEBUG   machine:signal_latch_pc PC <- PC + 1
  DEBUG   machine:tick          tick!
  INFO    machine:decode_and_execute Executed instruction `cmp 0` in 2 ticks
  DEBUG   machine:signal_latch_address_register AR <- PC
  DEBUG   machine:signal_read_memory Reading memory on AR #2
  DEBUG   machine:signal_read_memory MEM_OUT <- MEM[2]
  DEBUG   machine:tick          tick!
  DEBUG   machine:signal_latch_pc PC <- PC + 1
  DEBUG   machine:tick          tick!
  INFO    machine:decode_and_execute Executed instruction `jz 5` in 2 ticks
  DEBUG   machine:signal_latch_address_register AR <- PC
  DEBUG   machine:signal_read_memory Reading memory on AR #3
  DEBUG   machine:signal_read_memory MEM_OUT <- MEM[3]
  DEBUG   machine:tick          tick!
  DEBUG   machine:signal_latch_address_register AR <- MEM_OUT
  DEBUG   machine:signal_write_memory Writing to memory on AR #2047
  INFO    machine:signal_write_memory Output: '!' (33)
  DEBUG   machine:signal_latch_pc PC <- PC + 1
  DEBUG   machine:tick          tick!
  INFO    machine:decode_and_execute Executed instruction `st 2047` in 2 ticks
  DEBUG   machine:signal_latch_address_register AR <- PC
  DEBUG   machine:signal_read_memory Reading memory on AR #4
  DEBUG   machine:signal_read_memory MEM_OUT <- MEM[4]
  DEBUG   machine:tick          tick!
  DEBUG   machine:signal_latch_pc PC <- MEM_OUT
  DEBUG   machine:tick          tick!
  INFO    machine:decode_and_execute Executed instruction `jmp 0` in 2 ticks
  DEBUG   machine:signal_latch_address_register AR <- PC
  DEBUG   machine:signal_read_memory Reading memory on AR #0
  DEBUG   machine:signal_read_memory MEM_OUT <- MEM[0]
  DEBUG   machine:tick          tick!
  DEBUG   machine:signal_latch_address_register AR <- MEM_OUT
  DEBUG   machine:signal_read_memory Reading memory on AR #2046
  INFO    machine:signal_read_memory Input: '!' (33)
  DEBUG   machine:signal_read_memory MEM_OUT <- '!' (33)
  DEBUG   machine:tick          tick!
  DEBUG   machine:signal_latch_accumulator ACC <- MEM_OUT
  DEBUG   machine:signal_latch_pc PC <- PC + 1
  DEBUG   machine:tick          tick!
  INFO    machine:decode_and_execute Executed instruction `ld (2046)` in 3 ticks
  DEBUG   machine:signal_latch_address_register AR <- PC
  DEBUG   machine:signal_read_memory Reading memory on AR #1
  DEBUG   machine:signal_read_memory MEM_OUT <- MEM[1]
  DEBUG   machine:tick          tick!
  DEBUG   machine:signal_latch_pc PC <- PC + 1
  DEBUG   machine:tick          tick!
  INFO    machine:decode_and_execute Executed instruction `cmp 0` in 2 ticks
  DEBUG   machine:signal_latch_address_register AR <- PC
  DEBUG   machine:signal_read_memory Reading memory on AR #2
  DEBUG   machine:signal_read_memory MEM_OUT <- MEM[2]
  DEBUG   machine:tick          tick!
  DEBUG   machine:signal_latch_pc PC <- PC + 1
  DEBUG   machine:tick          tick!
  INFO    machine:decode_and_execute Executed instruction `jz 5` in 2 ticks
  DEBUG   machine:signal_latch_address_register AR <- PC
  DEBUG   machine:signal_read_memory Reading memory on AR #3
  DEBUG   machine:signal_read_memory MEM_OUT <- MEM[3]
  DEBUG   machine:tick          tick!
  DEBUG   machine:signal_latch_address_register AR <- MEM_OUT
  DEBUG   machine:signal_write_memory Writing to memory on AR #2047
  INFO    machine:signal_write_memory Output: '!' (33)
  DEBUG   machine:signal_latch_pc PC <- PC + 1
  DEBUG   machine:tick          tick!
  INFO    machine:decode_and_execute Executed instruction `st 2047` in 2 ticks
  DEBUG   machine:signal_latch_address_register AR <- PC
  DEBUG   machine:signal_read_memory Reading memory on AR #4
  DEBUG   machine:signal_read_memory MEM_OUT <- MEM[4]
  DEBUG   machine:tick          tick!
  DEBUG   machine:signal_latch_pc PC <- MEM_OUT
  DEBUG   machine:tick          tick!
  INFO    machine:decode_and_execute Executed instruction `jmp 0` in 2 ticks
  DEBUG   machine:signal_latch_address_register AR <- PC
  DEBUG   machine:signal_read_memory Reading memory on AR #0
  DEBUG   machine:signal_read_memory MEM_OUT <- MEM[0]
  DEBUG   machine:tick          tick!
  DEBUG   machine:signal_latch_address_register AR <- MEM_OUT
  DEBUG   machine:signal_read_memory Reading memory on AR #2046
  INFO    machine:signal_read_memory Input: '!' (33)
  DEBUG   machine:signal_read_memory MEM_OUT <- '!' (33)
  DEBUG   machine:tick          tick!
  DEBUG   machine:signal_latch_accumulator ACC <- MEM_OUT
  DEBUG   machine:signal_latch_pc PC <- PC + 1
  DEBUG   machine:tick          tick!
  INFO    machine:decode_and_execute Executed instruction `ld (2046)` in 3 ticks
  DEBUG   machine:signal_latch_address_register AR <- PC
  DEBUG   machine:signal_read_memory Reading memory on AR #1
  DEBUG   machine:signal_read_memory MEM_OUT <- MEM[1]
  DEBUG   machine:tick          tick!
  DEBUG   machine:signal_latch_pc PC <- PC + 1
  DEBUG   machine:tick          tick!
  INFO    machine:decode_and_execute Executed instruction `cmp 0` in 2 ticks
  DEBUG   machine:signal_latch_address_register AR <- PC
  DEBUG   machine:signal_read_memory Reading memory on AR #2
  DEBUG   machine:signal_read_memory MEM_OUT <- MEM[2]
  DEBUG   machine:tick          tick!
  DEBUG   machine:signal_latch_pc PC <- PC + 1
  DEBUG   machine:tick          tick!
  INFO    machine:decode_and_execute Executed instruction `jz 5` in 2 ticks
  DEBUG   machine:signal_latch_address_register AR <- PC
  DEBUG   machine:signal_read_memory Reading memory on AR #3
  DEBUG   machine:signal_read_memory MEM_OUT <- MEM[3]
  DEBUG   machine:tick          tick!
  DEBUG   machine:signal_latch_address_register AR <- MEM_OUT
  DEBUG   machine:signal_write_memory Writing to memory on AR #2047
  INFO    machine:signal_write_memory Output: '!' (33)
  DEBUG   machine:signal_latch_pc PC <- PC + 1
  DEBUG   machine:tick          tick!
  INFO    machine:decode_and_execute Executed instruction `st 2047` in 2 ticks
  DEBUG   machine:signal_latch_address_register AR <- PC
  DEBUG   machine:signal_read_memory Reading memory on AR #4
  DEBUG   machine:signal_read_memory MEM_OUT <- MEM[4]
  DEBUG   machine:tick          tick!
  DEBUG   machine:signal_latch_pc PC <- MEM_OUT
  DEBUG   machine:tick          tick!
  INFO    machine:decode_and_execute Executed instruction `jmp 0` in 2 ticks
  DEBUG   machine:signal_latch_address_register AR <- PC
  DEBUG   machine:signal_read_memory Reading memory on AR #0
  DEBUG   machine:signal_read_memory MEM_OUT <- MEM[0]
  DEBUG   machine:tick          tick!
  DEBUG   machine:signal_latch_address_register AR <- MEM_OUT
  DEBUG   machine:signal_read_memory Reading memory on AR #2046
  INFO    machine:signal_read_memory Input: '\x00' (0)
  DEBUG   machine:signal_read_memory MEM_OUT <- '\x00' (0)
  DEBUG   machine:tick          tick!
  DEBUG   machine:signal_latch_accumulator ACC <- MEM_OUT
  DEBUG   machine:signal_latch_pc PC <- PC + 1
  DEBUG   machine:tick          tick!
  INFO    machine:decode_and_execute Executed instruction `ld (2046)` in 3 ticks
  DEBUG   machine:signal_latch_address_register AR <- PC
  DEBUG   machine:signal_read_memory Reading memory on AR #1
  DEBUG   machine:signal_read_memory MEM_OUT <- MEM[1]
  DEBUG   machine:tick          tick!
  DEBUG   machine:signal_latch_pc PC <- PC + 1
  DEBUG   machine:tick          tick!
  INFO    machine:decode_and_execute Executed instruction `cmp 0` in 2 ticks
  DEBUG   machine:signal_latch_address_register AR <- PC
  DEBUG   machine:signal_read_memory Reading memory on AR #2
  DEBUG   machine:signal_read_memory MEM_OUT <- MEM[2]
  DEBUG   machine:tick          tick!
  DEBUG   machine:signal_latch_pc PC <- MEM_OUT
  DEBUG   machine:tick          tick!
  INFO    machine:decode_and_execute Executed instruction `jz 5` in 2 ticks
  DEBUG   machine:signal_latch_address_register AR <- PC
  DEBUG   machine:signal_read_memory Reading memory on AR #5
  DEBUG   machine:signal_read_memory MEM_OUT <- MEM[5]
  DEBUG   machine:tick          tick!
out_stdout: |
  Input file LoC: 6
  Code instr: 6
  ============================================================
  Program halted successfully
  hello world!!!
  Total instructions 73
  Total ticks 162
out_code: |-
  {
    "pc": 0,
    "instructions": [
      [
        "ld",
        2046,
        "direct"
      ],
      [
        "cmp",
        0,
        "immediate"
      ],
      [
        "jz",
        5,
        "immediate"
      ],
      [
        "st",
        2047,
        "immediate"
      ],
      [
        "jmp",
        0,
        "immediate"
      ],
      [
        "hlt",
        null,
        null
      ]
    ]
  }
