in_source: |-
  HELLO: VAR 'hello, world'
  I: VAR HELLO
  START: LD [I]
  CMP 0
  JZ STOP
  ST 2047
  LD (I)
  ADD 1
  ST I
  JMP START
  STOP: HLT
in_stdin: ''
out_log: |
  DEBUG   machine:signal_latch_address_register AR <- PC
  DEBUG   machine:signal_read_memory Reading memory on AR #14
  DEBUG   machine:signal_latch_address_register AR <- MEM_OUT
  DEBUG   machine:signal_read_memory Reading memory on AR #13
  DEBUG   machine:signal_latch_address_register AR <- MEM_OUT
  DEBUG   machine:signal_read_memory Reading memory on AR #0
  DEBUG   machine:signal_latch_accumulator ACC <- MEM_OUT
  DEBUG   machine:signal_latch_pc PC <- PC + 1
  INFO    machine:decode_and_execute Executed instruction `ld [13]`
  DEBUG   machine:signal_latch_address_register AR <- PC
  DEBUG   machine:signal_read_memory Reading memory on AR #15
  DEBUG   machine:signal_latch_pc PC <- PC + 1
  INFO    machine:decode_and_execute Executed instruction `cmp 0`
  DEBUG   machine:signal_latch_address_register AR <- PC
  DEBUG   machine:signal_read_memory Reading memory on AR #16
  DEBUG   machine:signal_latch_pc PC <- PC + 1
  INFO    machine:decode_and_execute Executed instruction `jz 22`
  DEBUG   machine:signal_latch_address_register AR <- PC
  DEBUG   machine:signal_read_memory Reading memory on AR #17
  DEBUG   machine:signal_latch_address_register AR <- MEM_OUT
  DEBUG   machine:signal_write_memory Writing to memory on AR #2047
  INFO    machine:signal_write_memory Output: 'h' (104)
  DEBUG   machine:signal_latch_pc PC <- PC + 1
  INFO    machine:decode_and_execute Executed instruction `st 2047`
  DEBUG   machine:signal_latch_address_register AR <- PC
  DEBUG   machine:signal_read_memory Reading memory on AR #18
  DEBUG   machine:signal_latch_address_register AR <- MEM_OUT
  DEBUG   machine:signal_read_memory Reading memory on AR #13
  DEBUG   machine:signal_latch_accumulator ACC <- MEM_OUT
  DEBUG   machine:signal_latch_pc PC <- PC + 1
  INFO    machine:decode_and_execute Executed instruction `ld (13)`
  DEBUG   machine:signal_latch_address_register AR <- PC
  DEBUG   machine:signal_read_memory Reading memory on AR #19
  DEBUG   machine:signal_latch_accumulator ACC <- ALU_OUT
  DEBUG   machine:signal_latch_pc PC <- PC + 1
  INFO    machine:decode_and_execute Executed instruction `add 1`
  DEBUG   machine:signal_latch_address_register AR <- PC
  DEBUG   machine:signal_read_memory Reading memory on AR #20
  DEBUG   machine:signal_latch_address_register AR <- MEM_OUT
  DEBUG   machine:signal_write_memory Writing to memory on AR #13
  DEBUG   machine:signal_latch_pc PC <- PC + 1
  INFO    machine:decode_and_execute Executed instruction `st 13`
  DEBUG   machine:signal_latch_address_register AR <- PC
  DEBUG   machine:signal_read_memory Reading memory on AR #21
  DEBUG   machine:signal_latch_pc PC <- MEM_OUT
  INFO    machine:decode_and_execute Executed instruction `jmp 14`
  DEBUG   machine:signal_latch_address_register AR <- PC
  DEBUG   machine:signal_read_memory Reading memory on AR #14
  DEBUG   machine:signal_latch_address_register AR <- MEM_OUT
  DEBUG   machine:signal_read_memory Reading memory on AR #13
  DEBUG   machine:signal_latch_address_register AR <- MEM_OUT
  DEBUG   machine:signal_read_memory Reading memory on AR #1
  DEBUG   machine:signal_latch_accumulator ACC <- MEM_OUT
  DEBUG   machine:signal_latch_pc PC <- PC + 1
  INFO    machine:decode_and_execute Executed instruction `ld [13]`
  DEBUG   machine:signal_latch_address_register AR <- PC
  DEBUG   machine:signal_read_memory Reading memory on AR #15
  DEBUG   machine:signal_latch_pc PC <- PC + 1
  INFO    machine:decode_and_execute Executed instruction `cmp 0`
  DEBUG   machine:signal_latch_address_register AR <- PC
  DEBUG   machine:signal_read_memory Reading memory on AR #16
  DEBUG   machine:signal_latch_pc PC <- PC + 1
  INFO    machine:decode_and_execute Executed instruction `jz 22`
  DEBUG   machine:signal_latch_address_register AR <- PC
  DEBUG   machine:signal_read_memory Reading memory on AR #17
  DEBUG   machine:signal_latch_address_register AR <- MEM_OUT
  DEBUG   machine:signal_write_memory Writing to memory on AR #2047
  INFO    machine:signal_write_memory Output: 'e' (101)
  DEBUG   machine:signal_latch_pc PC <- PC + 1
  INFO    machine:decode_and_execute Executed instruction `st 2047`
  DEBUG   machine:signal_latch_address_register AR <- PC
  DEBUG   machine:signal_read_memory Reading memory on AR #18
  DEBUG   machine:signal_latch_address_register AR <- MEM_OUT
  DEBUG   machine:signal_read_memory Reading memory on AR #13
  DEBUG   machine:signal_latch_accumulator ACC <- MEM_OUT
  DEBUG   machine:signal_latch_pc PC <- PC + 1
  INFO    machine:decode_and_execute Executed instruction `ld (13)`
  DEBUG   machine:signal_latch_address_register AR <- PC
  DEBUG   machine:signal_read_memory Reading memory on AR #19
  DEBUG   machine:signal_latch_accumulator ACC <- ALU_OUT
  DEBUG   machine:signal_latch_pc PC <- PC + 1
  INFO    machine:decode_and_execute Executed instruction `add 1`
  DEBUG   machine:signal_latch_address_register AR <- PC
  DEBUG   machine:signal_read_memory Reading memory on AR #20
  DEBUG   machine:signal_latch_address_register AR <- MEM_OUT
  DEBUG   machine:signal_write_memory Writing to memory on AR #13
  DEBUG   machine:signal_latch_pc PC <- PC + 1
  INFO    machine:decode_and_execute Executed instruction `st 13`
  DEBUG   machine:signal_latch_address_register AR <- PC
  DEBUG   machine:signal_read_memory Reading memory on AR #21
  DEBUG   machine:signal_latch_pc PC <- MEM_OUT
  INFO    machine:decode_and_execute Executed instruction `jmp 14`
  DEBUG   machine:signal_latch_address_register AR <- PC
  DEBUG   machine:signal_read_memory Reading memory on AR #14
  DEBUG   machine:signal_latch_address_register AR <- MEM_OUT
  DEBUG   machine:signal_read_memory Reading memory on AR #13
  DEBUG   machine:signal_latch_address_register AR <- MEM_OUT
  DEBUG   machine:signal_read_memory Reading memory on AR #2
  DEBUG   machine:signal_latch_accumulator ACC <- MEM_OUT
  DEBUG   machine:signal_latch_pc PC <- PC + 1
  INFO    machine:decode_and_execute Executed instruction `ld [13]`
  DEBUG   machine:signal_latch_address_register AR <- PC
  DEBUG   machine:signal_read_memory Reading memory on AR #15
  DEBUG   machine:signal_latch_pc PC <- PC + 1
  INFO    machine:decode_and_execute Executed instruction `cmp 0`
  DEBUG   machine:signal_latch_address_register AR <- PC
  DEBUG   machine:signal_read_memory Reading memory on AR #16
  DEBUG   machine:signal_latch_pc PC <- PC + 1
  INFO    machine:decode_and_execute Executed instruction `jz 22`
  DEBUG   machine:signal_latch_address_register AR <- PC
  DEBUG   machine:signal_read_memory Reading memory on AR #17
  DEBUG   machine:signal_latch_address_register AR <- MEM_OUT
  DEBUG   machine:signal_write_memory Writing to memory on AR #2047
  INFO    machine:signal_write_memory Output: 'l' (108)
  DEBUG   machine:signal_latch_pc PC <- PC + 1
  INFO    machine:decode_and_execute Executed instruction `st 2047`
  DEBUG   machine:signal_latch_address_register AR <- PC
  DEBUG   machine:signal_read_memory Reading memory on AR #18
  DEBUG   machine:signal_latch_address_register AR <- MEM_OUT
  DEBUG   machine:signal_read_memory Reading memory on AR #13
  DEBUG   machine:signal_latch_accumulator ACC <- MEM_OUT
  DEBUG   machine:signal_latch_pc PC <- PC + 1
  INFO    machine:decode_and_execute Executed instruction `ld (13)`
  DEBUG   machine:signal_latch_address_register AR <- PC
  DEBUG   machine:signal_read_memory Reading memory on AR #19
  DEBUG   machine:signal_latch_accumulator ACC <- ALU_OUT
  DEBUG   machine:signal_latch_pc PC <- PC + 1
  INFO    machine:decode_and_execute Executed instruction `add 1`
  DEBUG   machine:signal_latch_address_register AR <- PC
  DEBUG   machine:signal_read_memory Reading memory on AR #20
  DEBUG   machine:signal_latch_address_register AR <- MEM_OUT
  DEBUG   machine:signal_write_memory Writing to memory on AR #13
  DEBUG   machine:signal_latch_pc PC <- PC + 1
  INFO    machine:decode_and_execute Executed instruction `st 13`
  DEBUG   machine:signal_latch_address_register AR <- PC
  DEBUG   machine:signal_read_memory Reading memory on AR #21
  DEBUG   machine:signal_latch_pc PC <- MEM_OUT
  INFO    machine:decode_and_execute Executed instruction `jmp 14`
  DEBUG   machine:signal_latch_address_register AR <- PC
  DEBUG   machine:signal_read_memory Reading memory on AR #14
  DEBUG   machine:signal_latch_address_register AR <- MEM_OUT
  DEBUG   machine:signal_read_memory Reading memory on AR #13
  DEBUG   machine:signal_latch_address_register AR <- MEM_OUT
  DEBUG   machine:signal_read_memory Reading memory on AR #3
  DEBUG   machine:signal_latch_accumulator ACC <- MEM_OUT
  DEBUG   machine:signal_latch_pc PC <- PC + 1
  INFO    machine:decode_and_execute Executed instruction `ld [13]`
  DEBUG   machine:signal_latch_address_register AR <- PC
  DEBUG   machine:signal_read_memory Reading memory on AR #15
  DEBUG   machine:signal_latch_pc PC <- PC + 1
  INFO    machine:decode_and_execute Executed instruction `cmp 0`
  DEBUG   machine:signal_latch_address_register AR <- PC
  DEBUG   machine:signal_read_memory Reading memory on AR #16
  DEBUG   machine:signal_latch_pc PC <- PC + 1
  INFO    machine:decode_and_execute Executed instruction `jz 22`
  DEBUG   machine:signal_latch_address_register AR <- PC
  DEBUG   machine:signal_read_memory Reading memory on AR #17
  DEBUG   machine:signal_latch_address_register AR <- MEM_OUT
  DEBUG   machine:signal_write_memory Writing to memory on AR #2047
  INFO    machine:signal_write_memory Output: 'l' (108)
  DEBUG   machine:signal_latch_pc PC <- PC + 1
  INFO    machine:decode_and_execute Executed instruction `st 2047`
  DEBUG   machine:signal_latch_address_register AR <- PC
  DEBUG   machine:signal_read_memory Reading memory on AR #18
  DEBUG   machine:signal_latch_address_register AR <- MEM_OUT
  DEBUG   machine:signal_read_memory Reading memory on AR #13
  DEBUG   machine:signal_latch_accumulator ACC <- MEM_OUT
  DEBUG   machine:signal_latch_pc PC <- PC + 1
  INFO    machine:decode_and_execute Executed instruction `ld (13)`
  DEBUG   machine:signal_latch_address_register AR <- PC
  DEBUG   machine:signal_read_memory Reading memory on AR #19
  DEBUG   machine:signal_latch_accumulator ACC <- ALU_OUT
  DEBUG   machine:signal_latch_pc PC <- PC + 1
  INFO    machine:decode_and_execute Executed instruction `add 1`
  DEBUG   machine:signal_latch_address_register AR <- PC
  DEBUG   machine:signal_read_memory Reading memory on AR #20
  DEBUG   machine:signal_latch_address_register AR <- MEM_OUT
  DEBUG   machine:signal_write_memory Writing to memory on AR #13
  DEBUG   machine:signal_latch_pc PC <- PC + 1
  INFO    machine:decode_and_execute Executed instruction `st 13`
  DEBUG   machine:signal_latch_address_register AR <- PC
  DEBUG   machine:signal_read_memory Reading memory on AR #21
  DEBUG   machine:signal_latch_pc PC <- MEM_OUT
  INFO    machine:decode_and_execute Executed instruction `jmp 14`
  DEBUG   machine:signal_latch_address_register AR <- PC
  DEBUG   machine:signal_read_memory Reading memory on AR #14
  DEBUG   machine:signal_latch_address_register AR <- MEM_OUT
  DEBUG   machine:signal_read_memory Reading memory on AR #13
  DEBUG   machine:signal_latch_address_register AR <- MEM_OUT
  DEBUG   machine:signal_read_memory Reading memory on AR #4
  DEBUG   machine:signal_latch_accumulator ACC <- MEM_OUT
  DEBUG   machine:signal_latch_pc PC <- PC + 1
  INFO    machine:decode_and_execute Executed instruction `ld [13]`
  DEBUG   machine:signal_latch_address_register AR <- PC
  DEBUG   machine:signal_read_memory Reading memory on AR #15
  DEBUG   machine:signal_latch_pc PC <- PC + 1
  INFO    machine:decode_and_execute Executed instruction `cmp 0`
  DEBUG   machine:signal_latch_address_register AR <- PC
  DEBUG   machine:signal_read_memory Reading memory on AR #16
  DEBUG   machine:signal_latch_pc PC <- PC + 1
  INFO    machine:decode_and_execute Executed instruction `jz 22`
  DEBUG   machine:signal_latch_address_register AR <- PC
  DEBUG   machine:signal_read_memory Reading memory on AR #17
  DEBUG   machine:signal_latch_address_register AR <- MEM_OUT
  DEBUG   machine:signal_write_memory Writing to memory on AR #2047
  INFO    machine:signal_write_memory Output: 'o' (111)
  DEBUG   machine:signal_latch_pc PC <- PC + 1
  INFO    machine:decode_and_execute Executed instruction `st 2047`
  DEBUG   machine:signal_latch_address_register AR <- PC
  DEBUG   machine:signal_read_memory Reading memory on AR #18
  DEBUG   machine:signal_latch_address_register AR <- MEM_OUT
  DEBUG   machine:signal_read_memory Reading memory on AR #13
  DEBUG   machine:signal_latch_accumulator ACC <- MEM_OUT
  DEBUG   machine:signal_latch_pc PC <- PC + 1
  INFO    machine:decode_and_execute Executed instruction `ld (13)`
  DEBUG   machine:signal_latch_address_register AR <- PC
  DEBUG   machine:signal_read_memory Reading memory on AR #19
  DEBUG   machine:signal_latch_accumulator ACC <- ALU_OUT
  DEBUG   machine:signal_latch_pc PC <- PC + 1
  INFO    machine:decode_and_execute Executed instruction `add 1`
  DEBUG   machine:signal_latch_address_register AR <- PC
  DEBUG   machine:signal_read_memory Reading memory on AR #20
  DEBUG   machine:signal_latch_address_register AR <- MEM_OUT
  DEBUG   machine:signal_write_memory Writing to memory on AR #13
  DEBUG   machine:signal_latch_pc PC <- PC + 1
  INFO    machine:decode_and_execute Executed instruction `st 13`
  DEBUG   machine:signal_latch_address_register AR <- PC
  DEBUG   machine:signal_read_memory Reading memory on AR #21
  DEBUG   machine:signal_latch_pc PC <- MEM_OUT
  INFO    machine:decode_and_execute Executed instruction `jmp 14`
  DEBUG   machine:signal_latch_address_register AR <- PC
  DEBUG   machine:signal_read_memory Reading memory on AR #14
  DEBUG   machine:signal_latch_address_register AR <- MEM_OUT
  DEBUG   machine:signal_read_memory Reading memory on AR #13
  DEBUG   machine:signal_latch_address_register AR <- MEM_OUT
  DEBUG   machine:signal_read_memory Reading memory on AR #5
  DEBUG   machine:signal_latch_accumulator ACC <- MEM_OUT
  DEBUG   machine:signal_latch_pc PC <- PC + 1
  INFO    machine:decode_and_execute Executed instruction `ld [13]`
  DEBUG   machine:signal_latch_address_register AR <- PC
  DEBUG   machine:signal_read_memory Reading memory on AR #15
  DEBUG   machine:signal_latch_pc PC <- PC + 1
  INFO    machine:decode_and_execute Executed instruction `cmp 0`
  DEBUG   machine:signal_latch_address_register AR <- PC
  DEBUG   machine:signal_read_memory Reading memory on AR #16
  DEBUG   machine:signal_latch_pc PC <- PC + 1
  INFO    machine:decode_and_execute Executed instruction `jz 22`
  DEBUG   machine:signal_latch_address_register AR <- PC
  DEBUG   machine:signal_read_memory Reading memory on AR #17
  DEBUG   machine:signal_latch_address_register AR <- MEM_OUT
  DEBUG   machine:signal_write_memory Writing to memory on AR #2047
  INFO    machine:signal_write_memory Output: ',' (44)
  DEBUG   machine:signal_latch_pc PC <- PC + 1
  INFO    machine:decode_and_execute Executed instruction `st 2047`
  DEBUG   machine:signal_latch_address_register AR <- PC
  DEBUG   machine:signal_read_memory Reading memory on AR #18
  DEBUG   machine:signal_latch_address_register AR <- MEM_OUT
  DEBUG   machine:signal_read_memory Reading memory on AR #13
  DEBUG   machine:signal_latch_accumulator ACC <- MEM_OUT
  DEBUG   machine:signal_latch_pc PC <- PC + 1
  INFO    machine:decode_and_execute Executed instruction `ld (13)`
  DEBUG   machine:signal_latch_address_register AR <- PC
  DEBUG   machine:signal_read_memory Reading memory on AR #19
  DEBUG   machine:signal_latch_accumulator ACC <- ALU_OUT
  DEBUG   machine:signal_latch_pc PC <- PC + 1
  INFO    machine:decode_and_execute Executed instruction `add 1`
  DEBUG   machine:signal_latch_address_register AR <- PC
  DEBUG   machine:signal_read_memory Reading memory on AR #20
  DEBUG   machine:signal_latch_address_register AR <- MEM_OUT
  DEBUG   machine:signal_write_memory Writing to memory on AR #13
  DEBUG   machine:signal_latch_pc PC <- PC + 1
  INFO    machine:decode_and_execute Executed instruction `st 13`
  DEBUG   machine:signal_latch_address_register AR <- PC
  DEBUG   machine:signal_read_memory Reading memory on AR #21
  DEBUG   machine:signal_latch_pc PC <- MEM_OUT
  INFO    machine:decode_and_execute Executed instruction `jmp 14`
  DEBUG   machine:signal_latch_address_register AR <- PC
  DEBUG   machine:signal_read_memory Reading memory on AR #14
  DEBUG   machine:signal_latch_address_register AR <- MEM_OUT
  DEBUG   machine:signal_read_memory Reading memory on AR #13
  DEBUG   machine:signal_latch_address_register AR <- MEM_OUT
  DEBUG   machine:signal_read_memory Reading memory on AR #6
  DEBUG   machine:signal_latch_accumulator ACC <- MEM_OUT
  DEBUG   machine:signal_latch_pc PC <- PC + 1
  INFO    machine:decode_and_execute Executed instruction `ld [13]`
  DEBUG   machine:signal_latch_address_register AR <- PC
  DEBUG   machine:signal_read_memory Reading memory on AR #15
  DEBUG   machine:signal_latch_pc PC <- PC + 1
  INFO    machine:decode_and_execute Executed instruction `cmp 0`
  DEBUG   machine:signal_latch_address_register AR <- PC
  DEBUG   machine:signal_read_memory Reading memory on AR #16
  DEBUG   machine:signal_latch_pc PC <- PC + 1
  INFO    machine:decode_and_execute Executed instruction `jz 22`
  DEBUG   machine:signal_latch_address_register AR <- PC
  DEBUG   machine:signal_read_memory Reading memory on AR #17
  DEBUG   machine:signal_latch_address_register AR <- MEM_OUT
  DEBUG   machine:signal_write_memory Writing to memory on AR #2047
  INFO    machine:signal_write_memory Output: ' ' (32)
  DEBUG   machine:signal_latch_pc PC <- PC + 1
  INFO    machine:decode_and_execute Executed instruction `st 2047`
  DEBUG   machine:signal_latch_address_register AR <- PC
  DEBUG   machine:signal_read_memory Reading memory on AR #18
  DEBUG   machine:signal_latch_address_register AR <- MEM_OUT
  DEBUG   machine:signal_read_memory Reading memory on AR #13
  DEBUG   machine:signal_latch_accumulator ACC <- MEM_OUT
  DEBUG   machine:signal_latch_pc PC <- PC + 1
  INFO    machine:decode_and_execute Executed instruction `ld (13)`
  DEBUG   machine:signal_latch_address_register AR <- PC
  DEBUG   machine:signal_read_memory Reading memory on AR #19
  DEBUG   machine:signal_latch_accumulator ACC <- ALU_OUT
  DEBUG   machine:signal_latch_pc PC <- PC + 1
  INFO    machine:decode_and_execute Executed instruction `add 1`
  DEBUG   machine:signal_latch_address_register AR <- PC
  DEBUG   machine:signal_read_memory Reading memory on AR #20
  DEBUG   machine:signal_latch_address_register AR <- MEM_OUT
  DEBUG   machine:signal_write_memory Writing to memory on AR #13
  DEBUG   machine:signal_latch_pc PC <- PC + 1
  INFO    machine:decode_and_execute Executed instruction `st 13`
  DEBUG   machine:signal_latch_address_register AR <- PC
  DEBUG   machine:signal_read_memory Reading memory on AR #21
  DEBUG   machine:signal_latch_pc PC <- MEM_OUT
  INFO    machine:decode_and_execute Executed instruction `jmp 14`
  DEBUG   machine:signal_latch_address_register AR <- PC
  DEBUG   machine:signal_read_memory Reading memory on AR #14
  DEBUG   machine:signal_latch_address_register AR <- MEM_OUT
  DEBUG   machine:signal_read_memory Reading memory on AR #13
  DEBUG   machine:signal_latch_address_register AR <- MEM_OUT
  DEBUG   machine:signal_read_memory Reading memory on AR #7
  DEBUG   machine:signal_latch_accumulator ACC <- MEM_OUT
  DEBUG   machine:signal_latch_pc PC <- PC + 1
  INFO    machine:decode_and_execute Executed instruction `ld [13]`
  DEBUG   machine:signal_latch_address_register AR <- PC
  DEBUG   machine:signal_read_memory Reading memory on AR #15
  DEBUG   machine:signal_latch_pc PC <- PC + 1
  INFO    machine:decode_and_execute Executed instruction `cmp 0`
  DEBUG   machine:signal_latch_address_register AR <- PC
  DEBUG   machine:signal_read_memory Reading memory on AR #16
  DEBUG   machine:signal_latch_pc PC <- PC + 1
  INFO    machine:decode_and_execute Executed instruction `jz 22`
  DEBUG   machine:signal_latch_address_register AR <- PC
  DEBUG   machine:signal_read_memory Reading memory on AR #17
  DEBUG   machine:signal_latch_address_register AR <- MEM_OUT
  DEBUG   machine:signal_write_memory Writing to memory on AR #2047
  INFO    machine:signal_write_memory Output: 'w' (119)
  DEBUG   machine:signal_latch_pc PC <- PC + 1
  INFO    machine:decode_and_execute Executed instruction `st 2047`
  DEBUG   machine:signal_latch_address_register AR <- PC
  DEBUG   machine:signal_read_memory Reading memory on AR #18
  DEBUG   machine:signal_latch_address_register AR <- MEM_OUT
  DEBUG   machine:signal_read_memory Reading memory on AR #13
  DEBUG   machine:signal_latch_accumulator ACC <- MEM_OUT
  DEBUG   machine:signal_latch_pc PC <- PC + 1
  INFO    machine:decode_and_execute Executed instruction `ld (13)`
  DEBUG   machine:signal_latch_address_register AR <- PC
  DEBUG   machine:signal_read_memory Reading memory on AR #19
  DEBUG   machine:signal_latch_accumulator ACC <- ALU_OUT
  DEBUG   machine:signal_latch_pc PC <- PC + 1
  INFO    machine:decode_and_execute Executed instruction `add 1`
  DEBUG   machine:signal_latch_address_register AR <- PC
  DEBUG   machine:signal_read_memory Reading memory on AR #20
  DEBUG   machine:signal_latch_address_register AR <- MEM_OUT
  DEBUG   machine:signal_write_memory Writing to memory on AR #13
  DEBUG   machine:signal_latch_pc PC <- PC + 1
  INFO    machine:decode_and_execute Executed instruction `st 13`
  DEBUG   machine:signal_latch_address_register AR <- PC
  DEBUG   machine:signal_read_memory Reading memory on AR #21
  DEBUG   machine:signal_latch_pc PC <- MEM_OUT
  INFO    machine:decode_and_execute Executed instruction `jmp 14`
  DEBUG   machine:signal_latch_address_register AR <- PC
  DEBUG   machine:signal_read_memory Reading memory on AR #14
  DEBUG   machine:signal_latch_address_register AR <- MEM_OUT
  DEBUG   machine:signal_read_memory Reading memory on AR #13
  DEBUG   machine:signal_latch_address_register AR <- MEM_OUT
  DEBUG   machine:signal_read_memory Reading memory on AR #8
  DEBUG   machine:signal_latch_accumulator ACC <- MEM_OUT
  DEBUG   machine:signal_latch_pc PC <- PC + 1
  INFO    machine:decode_and_execute Executed instruction `ld [13]`
  DEBUG   machine:signal_latch_address_register AR <- PC
  DEBUG   machine:signal_read_memory Reading memory on AR #15
  DEBUG   machine:signal_latch_pc PC <- PC + 1
  INFO    machine:decode_and_execute Executed instruction `cmp 0`
  DEBUG   machine:signal_latch_address_register AR <- PC
  DEBUG   machine:signal_read_memory Reading memory on AR #16
  DEBUG   machine:signal_latch_pc PC <- PC + 1
  INFO    machine:decode_and_execute Executed instruction `jz 22`
  DEBUG   machine:signal_latch_address_register AR <- PC
  DEBUG   machine:signal_read_memory Reading memory on AR #17
  DEBUG   machine:signal_latch_address_register AR <- MEM_OUT
  DEBUG   machine:signal_write_memory Writing to memory on AR #2047
  INFO    machine:signal_write_memory Output: 'o' (111)
  DEBUG   machine:signal_latch_pc PC <- PC + 1
  INFO    machine:decode_and_execute Executed instruction `st 2047`
  DEBUG   machine:signal_latch_address_register AR <- PC
  DEBUG   machine:signal_read_memory Reading memory on AR #18
  DEBUG   machine:signal_latch_address_register AR <- MEM_OUT
  DEBUG   machine:signal_read_memory Reading memory on AR #13
  DEBUG   machine:signal_latch_accumulator ACC <- MEM_OUT
  DEBUG   machine:signal_latch_pc PC <- PC + 1
  INFO    machine:decode_and_execute Executed instruction `ld (13)`
  DEBUG   machine:signal_latch_address_register AR <- PC
  DEBUG   machine:signal_read_memory Reading memory on AR #19
  DEBUG   machine:signal_latch_accumulator ACC <- ALU_OUT
  DEBUG   machine:signal_latch_pc PC <- PC + 1
  INFO    machine:decode_and_execute Executed instruction `add 1`
  DEBUG   machine:signal_latch_address_register AR <- PC
  DEBUG   machine:signal_read_memory Reading memory on AR #20
  DEBUG   machine:signal_latch_address_register AR <- MEM_OUT
  DEBUG   machine:signal_write_memory Writing to memory on AR #13
  DEBUG   machine:signal_latch_pc PC <- PC + 1
  INFO    machine:decode_and_execute Executed instruction `st 13`
  DEBUG   machine:signal_latch_address_register AR <- PC
  DEBUG   machine:signal_read_memory Reading memory on AR #21
  DEBUG   machine:signal_latch_pc PC <- MEM_OUT
  INFO    machine:decode_and_execute Executed instruction `jmp 14`
  DEBUG   machine:signal_latch_address_register AR <- PC
  DEBUG   machine:signal_read_memory Reading memory on AR #14
  DEBUG   machine:signal_latch_address_register AR <- MEM_OUT
  DEBUG   machine:signal_read_memory Reading memory on AR #13
  DEBUG   machine:signal_latch_address_register AR <- MEM_OUT
  DEBUG   machine:signal_read_memory Reading memory on AR #9
  DEBUG   machine:signal_latch_accumulator ACC <- MEM_OUT
  DEBUG   machine:signal_latch_pc PC <- PC + 1
  INFO    machine:decode_and_execute Executed instruction `ld [13]`
  DEBUG   machine:signal_latch_address_register AR <- PC
  DEBUG   machine:signal_read_memory Reading memory on AR #15
  DEBUG   machine:signal_latch_pc PC <- PC + 1
  INFO    machine:decode_and_execute Executed instruction `cmp 0`
  DEBUG   machine:signal_latch_address_register AR <- PC
  DEBUG   machine:signal_read_memory Reading memory on AR #16
  DEBUG   machine:signal_latch_pc PC <- PC + 1
  INFO    machine:decode_and_execute Executed instruction `jz 22`
  DEBUG   machine:signal_latch_address_register AR <- PC
  DEBUG   machine:signal_read_memory Reading memory on AR #17
  DEBUG   machine:signal_latch_address_register AR <- MEM_OUT
  DEBUG   machine:signal_write_memory Writing to memory on AR #2047
  INFO    machine:signal_write_memory Output: 'r' (114)
  DEBUG   machine:signal_latch_pc PC <- PC + 1
  INFO    machine:decode_and_execute Executed instruction `st 2047`
  DEBUG   machine:signal_latch_address_register AR <- PC
  DEBUG   machine:signal_read_memory Reading memory on AR #18
  DEBUG   machine:signal_latch_address_register AR <- MEM_OUT
  DEBUG   machine:signal_read_memory Reading memory on AR #13
  DEBUG   machine:signal_latch_accumulator ACC <- MEM_OUT
  DEBUG   machine:signal_latch_pc PC <- PC + 1
  INFO    machine:decode_and_execute Executed instruction `ld (13)`
  DEBUG   machine:signal_latch_address_register AR <- PC
  DEBUG   machine:signal_read_memory Reading memory on AR #19
  DEBUG   machine:signal_latch_accumulator ACC <- ALU_OUT
  DEBUG   machine:signal_latch_pc PC <- PC + 1
  INFO    machine:decode_and_execute Executed instruction `add 1`
  DEBUG   machine:signal_latch_address_register AR <- PC
  DEBUG   machine:signal_read_memory Reading memory on AR #20
  DEBUG   machine:signal_latch_address_register AR <- MEM_OUT
  DEBUG   machine:signal_write_memory Writing to memory on AR #13
  DEBUG   machine:signal_latch_pc PC <- PC + 1
  INFO    machine:decode_and_execute Executed instruction `st 13`
  DEBUG   machine:signal_latch_address_register AR <- PC
  DEBUG   machine:signal_read_memory Reading memory on AR #21
  DEBUG   machine:signal_latch_pc PC <- MEM_OUT
  INFO    machine:decode_and_execute Executed instruction `jmp 14`
  DEBUG   machine:signal_latch_address_register AR <- PC
  DEBUG   machine:signal_read_memory Reading memory on AR #14
  DEBUG   machine:signal_latch_address_register AR <- MEM_OUT
  DEBUG   machine:signal_read_memory Reading memory on AR #13
  DEBUG   machine:signal_latch_address_register AR <- MEM_OUT
  DEBUG   machine:signal_read_memory Reading memory on AR #10
  DEBUG   machine:signal_latch_accumulator ACC <- MEM_OUT
  DEBUG   machine:signal_latch_pc PC <- PC + 1
  INFO    machine:decode_and_execute Executed instruction `ld [13]`
  DEBUG   machine:signal_latch_address_register AR <- PC
  DEBUG   machine:signal_read_memory Reading memory on AR #15
  DEBUG   machine:signal_latch_pc PC <- PC + 1
  INFO    machine:decode_and_execute Executed instruction `cmp 0`
  DEBUG   machine:signal_latch_address_register AR <- PC
  DEBUG   machine:signal_read_memory Reading memory on AR #16
  DEBUG   machine:signal_latch_pc PC <- PC + 1
  INFO    machine:decode_and_execute Executed instruction `jz 22`
  DEBUG   machine:signal_latch_address_register AR <- PC
  DEBUG   machine:signal_read_memory Reading memory on AR #17
  DEBUG   machine:signal_latch_address_register AR <- MEM_OUT
  DEBUG   machine:signal_write_memory Writing to memory on AR #2047
  INFO    machine:signal_write_memory Output: 'l' (108)
  DEBUG   machine:signal_latch_pc PC <- PC + 1
  INFO    machine:decode_and_execute Executed instruction `st 2047`
  DEBUG   machine:signal_latch_address_register AR <- PC
  DEBUG   machine:signal_read_memory Reading memory on AR #18
  DEBUG   machine:signal_latch_address_register AR <- MEM_OUT
  DEBUG   machine:signal_read_memory Reading memory on AR #13
  DEBUG   machine:signal_latch_accumulator ACC <- MEM_OUT
  DEBUG   machine:signal_latch_pc PC <- PC + 1
  INFO    machine:decode_and_execute Executed instruction `ld (13)`
  DEBUG   machine:signal_latch_address_register AR <- PC
  DEBUG   machine:signal_read_memory Reading memory on AR #19
  DEBUG   machine:signal_latch_accumulator ACC <- ALU_OUT
  DEBUG   machine:signal_latch_pc PC <- PC + 1
  INFO    machine:decode_and_execute Executed instruction `add 1`
  DEBUG   machine:signal_latch_address_register AR <- PC
  DEBUG   machine:signal_read_memory Reading memory on AR #20
  DEBUG   machine:signal_latch_address_register AR <- MEM_OUT
  DEBUG   machine:signal_write_memory Writing to memory on AR #13
  DEBUG   machine:signal_latch_pc PC <- PC + 1
  INFO    machine:decode_and_execute Executed instruction `st 13`
  DEBUG   machine:signal_latch_address_register AR <- PC
  DEBUG   machine:signal_read_memory Reading memory on AR #21
  DEBUG   machine:signal_latch_pc PC <- MEM_OUT
  INFO    machine:decode_and_execute Executed instruction `jmp 14`
  DEBUG   machine:signal_latch_address_register AR <- PC
  DEBUG   machine:signal_read_memory Reading memory on AR #14
  DEBUG   machine:signal_latch_address_register AR <- MEM_OUT
  DEBUG   machine:signal_read_memory Reading memory on AR #13
  DEBUG   machine:signal_latch_address_register AR <- MEM_OUT
  DEBUG   machine:signal_read_memory Reading memory on AR #11
  DEBUG   machine:signal_latch_accumulator ACC <- MEM_OUT
  DEBUG   machine:signal_latch_pc PC <- PC + 1
  INFO    machine:decode_and_execute Executed instruction `ld [13]`
  DEBUG   machine:signal_latch_address_register AR <- PC
  DEBUG   machine:signal_read_memory Reading memory on AR #15
  DEBUG   machine:signal_latch_pc PC <- PC + 1
  INFO    machine:decode_and_execute Executed instruction `cmp 0`
  DEBUG   machine:signal_latch_address_register AR <- PC
  DEBUG   machine:signal_read_memory Reading memory on AR #16
  DEBUG   machine:signal_latch_pc PC <- PC + 1
  INFO    machine:decode_and_execute Executed instruction `jz 22`
  DEBUG   machine:signal_latch_address_register AR <- PC
  DEBUG   machine:signal_read_memory Reading memory on AR #17
  DEBUG   machine:signal_latch_address_register AR <- MEM_OUT
  DEBUG   machine:signal_write_memory Writing to memory on AR #2047
  INFO    machine:signal_write_memory Output: 'd' (100)
  DEBUG   machine:signal_latch_pc PC <- PC + 1
  INFO    machine:decode_and_execute Executed instruction `st 2047`
  DEBUG   machine:signal_latch_address_register AR <- PC
  DEBUG   machine:signal_read_memory Reading memory on AR #18
  DEBUG   machine:signal_latch_address_register AR <- MEM_OUT
  DEBUG   machine:signal_read_memory Reading memory on AR #13
  DEBUG   machine:signal_latch_accumulator ACC <- MEM_OUT
  DEBUG   machine:signal_latch_pc PC <- PC + 1
  INFO    machine:decode_and_execute Executed instruction `ld (13)`
  DEBUG   machine:signal_latch_address_register AR <- PC
  DEBUG   machine:signal_read_memory Reading memory on AR #19
  DEBUG   machine:signal_latch_accumulator ACC <- ALU_OUT
  DEBUG   machine:signal_latch_pc PC <- PC + 1
  INFO    machine:decode_and_execute Executed instruction `add 1`
  DEBUG   machine:signal_latch_address_register AR <- PC
  DEBUG   machine:signal_read_memory Reading memory on AR #20
  DEBUG   machine:signal_latch_address_register AR <- MEM_OUT
  DEBUG   machine:signal_write_memory Writing to memory on AR #13
  DEBUG   machine:signal_latch_pc PC <- PC + 1
  INFO    machine:decode_and_execute Executed instruction `st 13`
  DEBUG   machine:signal_latch_address_register AR <- PC
  DEBUG   machine:signal_read_memory Reading memory on AR #21
  DEBUG   machine:signal_latch_pc PC <- MEM_OUT
  INFO    machine:decode_and_execute Executed instruction `jmp 14`
  DEBUG   machine:signal_latch_address_register AR <- PC
  DEBUG   machine:signal_read_memory Reading memory on AR #14
  DEBUG   machine:signal_latch_address_register AR <- MEM_OUT
  DEBUG   machine:signal_read_memory Reading memory on AR #13
  DEBUG   machine:signal_latch_address_register AR <- MEM_OUT
  DEBUG   machine:signal_read_memory Reading memory on AR #12
  DEBUG   machine:signal_latch_accumulator ACC <- MEM_OUT
  DEBUG   machine:signal_latch_pc PC <- PC + 1
  INFO    machine:decode_and_execute Executed instruction `ld [13]`
  DEBUG   machine:signal_latch_address_register AR <- PC
  DEBUG   machine:signal_read_memory Reading memory on AR #15
  DEBUG   machine:signal_latch_pc PC <- PC + 1
  INFO    machine:decode_and_execute Executed instruction `cmp 0`
  DEBUG   machine:signal_latch_address_register AR <- PC
  DEBUG   machine:signal_read_memory Reading memory on AR #16
  DEBUG   machine:signal_latch_pc PC <- MEM_OUT
  INFO    machine:decode_and_execute Executed instruction `jz 22`
  DEBUG   machine:signal_latch_address_register AR <- PC
  DEBUG   machine:signal_read_memory Reading memory on AR #22
out_stdout: |
  ============================================================
  Program halted successfully
  hello, world
  Total instructions 99
  Total ticks 237
out_code: '{"pc": 14, "instructions": [["var", 104, "immediate"], ["var", 101, "immediate"],
  ["var", 108, "immediate"], ["var", 108, "immediate"], ["var", 111, "immediate"],
  ["var", 44, "immediate"], ["var", 32, "immediate"], ["var", 119, "immediate"], ["var",
  111, "immediate"], ["var", 114, "immediate"], ["var", 108, "immediate"], ["var",
  100, "immediate"], ["var", 0, "immediate"], ["var", 0, "immediate"], ["ld", 13,
  "indirect"], ["cmp", 0, "immediate"], ["jz", 22, "immediate"], ["st", 2047, "immediate"],
  ["ld", 13, "direct"], ["add", 1, "immediate"], ["st", 13, "immediate"], ["jmp",
  14, "immediate"], ["hlt", null, null]]}'
